
<--- Last few GCs --->

[25008:000002713AC7A000]     5259 ms: Scavenge 8.1 (11.5) -> 7.4 (12.5) MB, pooled: 0 MB, 0.99 / 0.00 ms  (average mu = 1.000, current mu = 1.000) allocation failure; 
[25008:000002713AC7A000]     5353 ms: Scavenge 9.4 (12.5) -> 8.4 (13.0) MB, pooled: 0 MB, 0.70 / 0.00 ms  (average mu = 1.000, current mu = 1.000) allocation failure; 
[25008:000002713AC7A000]     5572 ms: Scavenge 10.2 (13.1) -> 9.1 (14.1) MB, pooled: 0 MB, 0.64 / 0.00 ms  (average mu = 1.000, current mu = 1.000) allocation failure; 

FATAL ERROR: Zone Allocation failed - process out of memory
----- Native stack trace -----

 1: 00007FF6EB17C36F node::OnFatalError+1343
 2: 00007FF6EBDC4D77 v8::Function::NewInstance+423
 3: 00007FF6EB73FBD6 v8::SnapshotCreator::GetIsolate+56566
 4: 00007FF6EB87F789 EC_KEY_METHOD_set_verify+295945
 5: 00007FF6EB881DBB EC_KEY_METHOD_set_verify+305723
 6: 00007FF6EB880F8E EC_KEY_METHOD_set_verify+302094
 7: 00007FF6EB886954 EC_KEY_METHOD_set_verify+325076
 8: 00007FF6EB8871DA EC_KEY_METHOD_set_verify+327258
 9: 00007FF6EB881DBB EC_KEY_METHOD_set_verify+305723
10: 00007FF6EB880F8E EC_KEY_METHOD_set_verify+302094
11: 00007FF6EB8817F6 EC_KEY_METHOD_set_verify+304246
12: 00007FF6EB880FD4 EC_KEY_METHOD_set_verify+302164
13: 00007FF6EB886954 EC_KEY_METHOD_set_verify+325076
14: 00007FF6EB891D6F EC_KEY_METHOD_set_verify+371183
15: 00007FF6EB88B9D8 EC_KEY_METHOD_set_verify+345688
16: 00007FF6EB88D70B EC_KEY_METHOD_set_verify+353163
17: 00007FF6EB88B9D8 EC_KEY_METHOD_set_verify+345688
18: 00007FF6EB88D70B EC_KEY_METHOD_set_verify+353163
19: 00007FF6EB88B9D8 EC_KEY_METHOD_set_verify+345688
20: 00007FF6EB88E1D0 EC_KEY_METHOD_set_verify+355920
21: 00007FF6EB87B53B EC_KEY_METHOD_set_verify+278971
22: 00007FF6EB870F7A EC_KEY_METHOD_set_verify+236538
23: 00007FF6EB881CB0 EC_KEY_METHOD_set_verify+305456
24: 00007FF6EB880FD4 EC_KEY_METHOD_set_verify+302164
25: 00007FF6EB892E62 EC_KEY_METHOD_set_verify+375522
26: 00007FF6EB872935 EC_KEY_METHOD_set_verify+243125
27: 00007FF6EB87B53B EC_KEY_METHOD_set_verify+278971
28: 00007FF6EB87AA3A EC_KEY_METHOD_set_verify+276154
29: 00007FF6EB86E137 EC_KEY_METHOD_set_verify+224695
30: 00007FF6EB86D304 EC_KEY_METHOD_set_verify+221060
31: 00007FF6EB86C5F2 EC_KEY_METHOD_set_verify+217714
32: 00007FF6EB86C29A EC_KEY_METHOD_set_verify+216858
33: 00007FF6EB8678C9 EC_KEY_METHOD_set_verify+197961
34: 00007FF6EBD4271F X509_STORE_set_get_issuer+240863
35: 00007FF6EBD45521 X509_STORE_set_get_issuer+252641
36: 00007FF6EBDCE233 v8::ScriptCompiler::CompileFunction+1011
37: 00007FF6EB198F83 node::GetCurrentEnvironment+20883
38: 00007FF6EB19772E node::GetCurrentEnvironment+14654
39: 000002717328F64D 
